To honour the JVM settings for this build a single-use Daemon process will be forked. For more on this, please refer to https://docs.gradle.org/8.14.3/userguide/gradle_daemon.html#sec:disabling_the_daemon in the Gradle documentation.
Daemon will be stopped at the end of the build 

> Configure project :app
WARNING: Using flatDir should be avoided because it doesn't support any meta-data formats.

> Configure project :capacitor-cordova-android-plugins
WARNING: Using flatDir should be avoided because it doesn't support any meta-data formats.

> Task :app:preBuild UP-TO-DATE
> Task :app:preReleaseBuild UP-TO-DATE
> Task :app:mergeReleaseJniLibFolders
> Task :capacitor-android:preBuild UP-TO-DATE
> Task :capacitor-android:preReleaseBuild UP-TO-DATE
> Task :capacitor-android:mergeReleaseJniLibFolders
> Task :capacitor-android:mergeReleaseNativeLibs NO-SOURCE
> Task :capacitor-cordova-android-plugins:preBuild UP-TO-DATE
> Task :capacitor-cordova-android-plugins:preReleaseBuild UP-TO-DATE
> Task :capacitor-android:copyReleaseJniLibsProjectOnly
> Task :capacitor-cordova-android-plugins:mergeReleaseJniLibFolders
> Task :capacitor-cordova-android-plugins:mergeReleaseNativeLibs NO-SOURCE
> Task :capacitor-cordova-android-plugins:copyReleaseJniLibsProjectOnly
> Task :capacitor-android:generateReleaseResValues
> Task :capacitor-android:generateReleaseResources
> Task :capacitor-android:packageReleaseResources
> Task :capacitor-android:processReleaseNavigationResources
> Task :app:mergeReleaseNativeLibs
> Task :capacitor-cordova-android-plugins:generateReleaseResValues
> Task :capacitor-cordova-android-plugins:generateReleaseResources
> Task :capacitor-cordova-android-plugins:packageReleaseResources
> Task :capacitor-cordova-android-plugins:processReleaseNavigationResources
> Task :capacitor-android:javaPreCompileRelease
> Task :capacitor-cordova-android-plugins:javaPreCompileRelease
> Task :capacitor-cordova-android-plugins:parseReleaseLocalResources

> Task :app:stripReleaseDebugSymbols
Unable to strip the following libraries, packaging them as they are: libc++_shared.so, libvlc.so, libvlcjni.so. Run with --info option to learn more.

> Task :capacitor-android:parseReleaseLocalResources
> Task :app:checkReleaseDuplicateClasses
> Task :app:extractReleaseNativeSymbolTables
> Task :app:mergeReleaseNativeDebugMetadata NO-SOURCE
> Task :capacitor-android:generateReleaseRFile
> Task :capacitor-cordova-android-plugins:generateReleaseRFile
> Task :app:buildKotlinToolingMetadata

> Task :capacitor-android:compileReleaseJavaWithJavac
Note: Some input files use unchecked or unsafe operations.
Note: Recompile with -Xlint:unchecked for details.

> Task :capacitor-cordova-android-plugins:compileReleaseJavaWithJavac NO-SOURCE
> Task :capacitor-cordova-android-plugins:bundleLibRuntimeToDirRelease
> Task :app:checkKotlinGradlePluginConfigurationErrors SKIPPED
> Task :capacitor-android:writeReleaseAarMetadata
> Task :capacitor-cordova-android-plugins:writeReleaseAarMetadata
> Task :capacitor-android:bundleLibRuntimeToDirRelease
> Task :app:processReleaseNavigationResources
> Task :app:checkReleaseAarMetadata
> Task :app:compileReleaseNavigationResources
> Task :app:generateReleaseResValues
> Task :app:mapReleaseSourceSetPaths
> Task :app:generateReleaseResources
> Task :app:packageReleaseResources
> Task :app:parseReleaseLocalResources
> Task :app:createReleaseCompatibleScreenManifests
> Task :app:extractDeepLinksRelease
> Task :capacitor-android:extractDeepLinksRelease
> Task :capacitor-cordova-android-plugins:extractDeepLinksRelease
> Task :capacitor-android:processReleaseManifest
> Task :capacitor-cordova-android-plugins:processReleaseManifest
> Task :capacitor-android:compileReleaseLibraryResources
> Task :app:mergeReleaseResources
> Task :app:processReleaseMainManifest
> Task :app:processReleaseManifest
> Task :capacitor-cordova-android-plugins:compileReleaseLibraryResources
> Task :app:processReleaseManifestForPackage
> Task :capacitor-android:bundleLibCompileToJarRelease
> Task :capacitor-cordova-android-plugins:bundleLibCompileToJarRelease
> Task :app:javaPreCompileRelease
> Task :app:desugarReleaseFileDependencies
> Task :app:mergeReleaseStartupProfile
> Task :capacitor-android:prepareReleaseArtProfile
> Task :capacitor-cordova-android-plugins:prepareReleaseArtProfile
> Task :app:mergeReleaseArtProfile
> Task :capacitor-android:bundleLibRuntimeToJarRelease
> Task :app:processReleaseResources
> Task :capacitor-cordova-android-plugins:bundleLibRuntimeToJarRelease
> Task :app:mergeReleaseShaders
> Task :app:compileReleaseShaders NO-SOURCE
> Task :app:generateReleaseAssets UP-TO-DATE
> Task :capacitor-android:mergeReleaseShaders
> Task :capacitor-android:compileReleaseShaders NO-SOURCE
> Task :capacitor-android:generateReleaseAssets UP-TO-DATE
> Task :capacitor-android:mergeReleaseAssets
> Task :capacitor-cordova-android-plugins:mergeReleaseShaders
> Task :capacitor-cordova-android-plugins:compileReleaseShaders NO-SOURCE
> Task :capacitor-cordova-android-plugins:generateReleaseAssets UP-TO-DATE
> Task :capacitor-cordova-android-plugins:mergeReleaseAssets
> Task :app:mergeReleaseAssets
> Task :app:compressReleaseAssets
> Task :app:extractReleaseVersionControlInfo
> Task :app:extractProguardFiles
> Task :capacitor-android:processReleaseJavaRes NO-SOURCE
> Task :capacitor-android:createFullJarRelease
> Task :capacitor-android:extractProguardFiles
> Task :capacitor-android:generateReleaseLintModel
> Task :capacitor-cordova-android-plugins:processReleaseJavaRes NO-SOURCE
> Task :capacitor-android:prepareLintJarForPublish
> Task :capacitor-cordova-android-plugins:createFullJarRelease
> Task :capacitor-cordova-android-plugins:extractProguardFiles
> Task :capacitor-cordova-android-plugins:generateReleaseLintModel
> Task :capacitor-cordova-android-plugins:prepareLintJarForPublish
> Task :capacitor-android:stripReleaseDebugSymbols NO-SOURCE
> Task :capacitor-android:checkReleaseAarMetadata
> Task :capacitor-android:copyReleaseJniLibsProjectAndLocalJars
> Task :capacitor-android:extractDeepLinksForAarRelease
> Task :capacitor-android:extractReleaseAnnotations
> Task :capacitor-android:mergeReleaseGeneratedProguardFiles
> Task :capacitor-android:mergeReleaseConsumerProguardFiles
> Task :capacitor-android:mergeReleaseJavaResource
> Task :capacitor-cordova-android-plugins:checkReleaseAarMetadata
> Task :capacitor-android:syncReleaseLibJars
> Task :capacitor-android:bundleReleaseLocalLintAar
> Task :capacitor-cordova-android-plugins:stripReleaseDebugSymbols NO-SOURCE
> Task :capacitor-cordova-android-plugins:copyReleaseJniLibsProjectAndLocalJars
> Task :capacitor-cordova-android-plugins:extractDeepLinksForAarRelease
> Task :capacitor-cordova-android-plugins:extractReleaseAnnotations
> Task :capacitor-cordova-android-plugins:mergeReleaseGeneratedProguardFiles
> Task :capacitor-cordova-android-plugins:mergeReleaseConsumerProguardFiles
> Task :capacitor-cordova-android-plugins:mergeReleaseJavaResource
> Task :capacitor-cordova-android-plugins:syncReleaseLibJars
> Task :capacitor-cordova-android-plugins:bundleReleaseLocalLintAar
> Task :capacitor-android:writeReleaseLintModelMetadata
> Task :app:mergeExtDexRelease
> Task :capacitor-cordova-android-plugins:writeReleaseLintModelMetadata
> Task :capacitor-android:generateReleaseLintVitalModel
> Task :capacitor-cordova-android-plugins:generateReleaseLintVitalModel
> Task :app:optimizeReleaseResources
> Task :app:collectReleaseDependencies
> Task :app:sdkReleaseDependencyData
> Task :app:validateSigningRelease
> Task :app:writeReleaseAppMetadata
> Task :app:writeReleaseSigningConfigVersions
> Task :capacitor-android:bundleReleaseAar
> Task :capacitor-android:mapReleaseSourceSetPaths
> Task :capacitor-android:mergeReleaseResources
> Task :capacitor-android:verifyReleaseResources
> Task :capacitor-android:assembleRelease
> Task :capacitor-cordova-android-plugins:bundleReleaseAar
> Task :capacitor-cordova-android-plugins:mapReleaseSourceSetPaths
> Task :capacitor-cordova-android-plugins:mergeReleaseResources
> Task :capacitor-cordova-android-plugins:lintVitalAnalyzeRelease
> Task :capacitor-cordova-android-plugins:verifyReleaseResources
> Task :capacitor-cordova-android-plugins:assembleRelease
> Task :app:compileReleaseKotlin

> Task :app:compileReleaseJavaWithJavac
Note: Some input files use or override a deprecated API.
Note: Recompile with -Xlint:deprecation for details.
Note: Some input files use unchecked or unsafe operations.
Note: Recompile with -Xlint:unchecked for details.

> Task :capacitor-android:lintVitalAnalyzeRelease
> Task :app:dexBuilderRelease
> Task :app:mergeReleaseGlobalSynthetics
> Task :app:generateReleaseLintVitalReportModel
> Task :app:processReleaseJavaRes
> Task :app:mergeReleaseJavaResource
> Task :app:mergeDexRelease
> Task :app:compileReleaseArtProfile
> Task :app:lintVitalAnalyzeRelease
> Task :app:lintVitalReportRelease
> Task :app:lintVitalRelease
> Task :app:packageRelease
> Task :app:createReleaseApkListingFileRedirect
> Task :app:assembleRelease
gradle/actions: Writing build results to /home/runner/work/_temp/.gradle-actions/build-results/build-1791657377054.json

[Incubating] Problems report is available at: file:///home/runner/work/amplify-android/amplify-android/android/build/reports/problems/problems-report.html

Deprecated Gradle features were used in this build, making it incompatible with Gradle 9.0.

You can use '--warning-mode all' to show the individual deprecation warnings and determine if they come from your own scripts or plugins.

For more on this, please refer to https://docs.gradle.org/8.14.3/userguide/command_line_interface.html#sec:command_line_warnings in the Gradle documentation.

BUILD SUCCESSFUL in 52s
130 actionable tasks: 130 executed
